// Jest Snapshot v1, https://goo.gl/fbAQLP

exports[`WalletInfo renders without crashing 1`] = `
<Connect(withData(Connect(withData(Connect(withData(Connect(withData(Connect(withData(withProps(Connect(withData(Connect(withActions(Connect(Connect(withProgress(LoadedNotifier))))))))))))))))))
  participateInSale={[Function]}
  showModal={[Function]}
  store={
    Object {
      "clearActions": [Function],
      "dispatch": [Function],
      "getActions": [Function],
      "getState": [Function],
      "replaceReducer": [Function],
      "subscribe": [Function],
    }
  }
/>
`;
